Packed losslessly comparison_stats.csv
Packed losslessly decision_versions.csv
Packed losslessly experiment_summary.csv
Packed losslessly official_summary.csv
Packed losslessly perfect_information_summary.csv
Packed losslessly q1_dispatch.csv
Packed losslessly q2_dispatch.csv
Packed losslessly q2_january_dispatch.csv
Packed losslessly q2_mean_forecast_daily.csv
Packed losslessly q2_mean_forecast_dispatch.csv
Packed losslessly q2_mean_forecast_solver.csv
Packed losslessly q2_no_storage_daily.csv
Packed losslessly q2_no_storage_dispatch.csv
Packed losslessly q2_no_storage_solver.csv
Packed losslessly q3_S0_daily.csv
Packed losslessly q3_S0_decisions.csv
Packed losslessly q3_S0_dispatch.csv
Packed losslessly q3_S1_daily.csv
Packed losslessly q3_S1_decisions.csv
Packed losslessly q3_S1_dispatch.csv
Packed losslessly q3_S2_daily.csv
Packed losslessly q3_S2_decisions.csv
Packed losslessly q3_S2_dispatch.csv
Packed losslessly q3_S3_daily.csv
Packed losslessly q3_dispatch.csv
Packed losslessly q3_january_dispatch.csv
Packed losslessly q4_2_dispatch.csv
Packed losslessly q4_2_january_dispatch.csv
Packed losslessly q4_2_mean_forecast_daily.csv
Packed losslessly q4_2_mean_forecast_dispatch.csv
Packed losslessly q4_2_mean_forecast_solver.csv
Packed losslessly q4_2_no_storage_daily.csv
Packed losslessly q4_2_no_storage_dispatch.csv
Packed losslessly q4_2_no_storage_solver.csv
Packed losslessly q4_3_S0_daily.csv
Packed losslessly q4_3_S0_decisions.csv
Packed losslessly q4_3_S0_dispatch.csv
Packed losslessly q4_3_S1_daily.csv
Packed losslessly q4_3_S1_decisions.csv
Packed losslessly q4_3_S1_dispatch.csv
Packed losslessly q4_3_S2_daily.csv
Packed losslessly q4_3_S2_decisions.csv
Packed losslessly q4_3_S2_dispatch.csv
Packed losslessly q4_3_S3_daily.csv
Packed losslessly q4_3_dispatch.csv
Packed losslessly q4_3_january_dispatch.csv
Packed losslessly research_q3_S2_ipm_dispatch.csv
Packed losslessly research_q3_S3_ipm_dispatch.csv
Packed losslessly research_q4_3_S2_ipm_dispatch.csv
Packed losslessly research_q4_3_S3_ipm_dispatch.csv
Packed losslessly reserve_diagnostic.csv
Packed losslessly settlement_sensitivity.csv
Packed losslessly solver_decisions.csv
Packed losslessly solver_instance_sensitivity.csv
Packed losslessly startup_summary.csv
Packed losslessly time_index.csv
Compressed bytes 10970296
